INSTALLATIONTYPE:##INSTALLATIONTYPE##
PTTSYSTEMTYPE:##PTTSYSTEMTYPE##
DEPLOYMENT_REDUNDANCY_TYPE:##DEPLOYMENT_REDUNDANCY_TYPE##
LOCALEMSIPADDRESS:##LOCALEMSIPADDRESS##
ALIASINTERFACE:##ALIASINTERFACE##
ALIASIPADDRESS:##ALIASIPADDRESS##
ALIASBROADCASTIPADDRESS:##ALIASBROADCASTIPADDRESS##
ALIASNETMASK:##ALIASNETMASK##
CHASSIS_TYPE:2U_VIRTUALIZED_CHASSIS
CMMIPADDRESS:##CMMIPADDRESS##
POCINTERFACEIPADDRESS:##POCINTERFACEIPADDRESS##
COMMUNICATIONINTERFACEIP:##COMMUNICATIONINTERFACEIP##
SLOTNUMBER:01
EMSCHASSISNAME:##EMSCHASSISNAME##
CHASSISLOCATION:##CHASSISLOCATION##
CHASSISRACKNUM:01
CHASSISSELFNUM:01
CHASSISZIPCODE:##CHASSISZIPCODE##
CHASSISCITY:##CHASSISCITY##
CARRIERID:##CARRIERID##
COUNTRYCODE:##COUNTRYCODE##
DEPLOYMENTTYPE:##DEPLOYMENTTYPE##
SERVICEPLANEIPADDRESSES:##SERVICEPLANEIPADDRESSES##
INTERFACELIST:##INTERFACELIST##
DATABASEUSERNAME:ttappuser
DATABASEPASSWORD:UGcjI0tvZDEyMzRwR2RCJCQ~
TIMESTEN_ADMIN_ENC_PASSWORD:hkfWdNuwTPMjbKEoLRLu/zP4UMF9y8PtJyfX4Y0L8SY=
SUPER_ADMIN_USERNAME:root
SUPER_ADMIN_PASSWORD:987c6a5f7d3d1e4460897b6f7d10d260f5d2ef62c91787a729a0d4c151b678f0
RHELIDM_ADMIN_USER:admin
RHELIDM_ADMIN_PW:msi@123!
LICENSEKEYINSTALL:n
LICENSEKEYLOCATION:##LICENSEKEYLOCATION##
LICENSECUSTOMERNAME:##LICENSECUSTOMERNAME##
LICENSEKEYPASSWORD:##LICENSEKEYPASSWORD##
DGSERVICESTART:Y
FRESHINSTALL:Y
EMSCARDNAME:##EMSCARDNAME##
DEPLOYMENT_PLATFORM_TYPE:##DEPLOYMENT_PLATFORM_TYPE##
INTERNAL_HOST_DOMAIN:##INTERNAL_HOST_DOMAIN##
PKI_ORGANISATION:##PKI_ORGANISATION##
VAULT_PKI_FLAG:0
VAULT_TEMP_CERT_FLAG:1
VAULT_INSTALLED_FLAG:0
IS_TIMESTEN_SSL_ENABLED:0
TIMESTEN_REP_SSL_MANDATORY:0
REMOTE_TIMESTEN_SSL_ENABLED:0
TIMESTEN_USERID:ttappuser
TIMESTEN_PASSWORD:hkfWdNuwTPMjbKEoLRLu/zP4UMF9y8PtJyfX4Y0L8SY=
TIMESTEN_ADMIN_USERID:dbadmin
CONSUL_LOCAL_SERVERS:

